Reusing configuration cache.
> Task :processClientResources NO-SOURCE
> Task :processIncludeJars UP-TO-DATE
> Task :processTestResources NO-SOURCE
> Task :processResources UP-TO-DATE
> Task :validateAccessWidener NO-SOURCE
> Task :sourcesJar

> Task :compileJava
.\gradlew.bat : D:\Fabric\Mods\mam\src\main\java\dk\mosberg\mana\ManaAttachments.java:54: warning: [deprecation] <A>builder() in A
ttachmentRegistry has been deprecated
At line:1 char:1
+ .\gradlew.bat build > build_output.txt 2>&1; Get-Content build_output ...
+ ~~~~~~~~~~~~~~~~~~~~~~~~~~~~~~~~~~~~~~~~~~~
    + CategoryInfo          : NotSpecified: (D:\Fabric\Mods\...been deprecated:String) [], RemoteException
    + FullyQualifiedErrorId : NativeCommandError
 
            AttachmentRegistry.<PlayerManaData>builder().persistent(new Codec<PlayerManaData>() {
                              ^
  where A is a type-variable:
    A extends Object declared in method <A>builder()
D:\Fabric\Mods\mam\src\main\java\dk\mosberg\spell\SpellRegistry.java:36: warning: [deprecation] SimpleSynchronousResourceReloadLis
tener in net.fabricmc.fabric.api.resource has been deprecated
                .registerReloadListener(new SimpleSynchronousResourceReloadListener() {
                                            ^
D:\Fabric\Mods\mam\src\main\java\dk\mosberg\spell\SpellRegistry.java:35: warning: [deprecation] ResourceManagerHelper in net.fabri
cmc.fabric.api.resource has been deprecated
        ResourceManagerHelper.get(ResourceType.SERVER_DATA)
        ^
D:\Fabric\Mods\mam\src\main\java\dk\mosberg\spell\SpellRegistry.java:36: warning: [deprecation] registerReloadListener(Identifiabl
eResourceReloadListener) in ResourceManagerHelper has been deprecated
                .registerReloadListener(new SimpleSynchronousResourceReloadListener() {
                ^
4 warnings

> Task :classes
> Task :remapSourcesJar

> Task :compileClientJava
D:\Fabric\Mods\mam\src\client\java\dk\mosberg\client\hud\ManaHudOverlay.java:14: warning: [deprecation] HudRenderCallback in net.f
abricmc.fabric.api.client.rendering.v1 has been deprecated
public class ManaHudOverlay implements HudRenderCallback {
                                       ^
D:\Fabric\Mods\mam\src\client\java\dk\mosberg\client\hud\ManaHudOverlay.java:21: warning: [deprecation] HudRenderCallback in net.f
abricmc.fabric.api.client.rendering.v1 has been deprecated
        HudRenderCallback.EVENT.register(new ManaHudOverlay());
        ^
2 warnings

> Task :clientClasses
> Task :compileTestJava NO-SOURCE
> Task :testClasses UP-TO-DATE
> Task :test NO-SOURCE
> Task :check UP-TO-DATE
> Task :jar
> Task :javadoc
> Task :javadocJar
> Task :remapJar
> Task :assemble
> Task :build

[Incubating] Problems report is available at: file:///D:/Fabric/Mods/mam/build/reports/problems/problems-report.html

BUILD SUCCESSFUL in 11s
10 actionable tasks: 8 executed, 2 up-to-date
Configuration cache entry reused.
